------------------------------------------------------------
TimeQuest Timing Analyzer Summary
------------------------------------------------------------

Type  : Slow 1200mV 85C Model Setup 'operacao[0]'
Slack : -0.915
TNS   : -0.915

Type  : Slow 1200mV 85C Model Hold 'operacao[0]'
Slack : -0.059
TNS   : -0.059

Type  : Slow 1200mV 85C Model Minimum Pulse Width 'Ainvert[1]'
Slack : -3.000
TNS   : -3.000

Type  : Slow 1200mV 85C Model Minimum Pulse Width 'Binvert[1]'
Slack : -3.000
TNS   : -3.000

Type  : Slow 1200mV 85C Model Minimum Pulse Width 'operacao[0]'
Slack : -3.000
TNS   : -3.000

Type  : Slow 1200mV 0C Model Setup 'operacao[0]'
Slack : -0.726
TNS   : -0.726

Type  : Slow 1200mV 0C Model Hold 'operacao[0]'
Slack : -0.058
TNS   : -0.058

Type  : Slow 1200mV 0C Model Minimum Pulse Width 'Ainvert[1]'
Slack : -3.000
TNS   : -3.000

Type  : Slow 1200mV 0C Model Minimum Pulse Width 'Binvert[1]'
Slack : -3.000
TNS   : -3.000

Type  : Slow 1200mV 0C Model Minimum Pulse Width 'operacao[0]'
Slack : -3.000
TNS   : -3.000

Type  : Fast 1200mV 0C Model Setup 'operacao[0]'
Slack : -0.500
TNS   : -0.500

Type  : Fast 1200mV 0C Model Hold 'operacao[0]'
Slack : -0.043
TNS   : -0.043

Type  : Fast 1200mV 0C Model Minimum Pulse Width 'Ainvert[1]'
Slack : -3.000
TNS   : -3.000

Type  : Fast 1200mV 0C Model Minimum Pulse Width 'Binvert[1]'
Slack : -3.000
TNS   : -3.000

Type  : Fast 1200mV 0C Model Minimum Pulse Width 'operacao[0]'
Slack : -3.000
TNS   : -3.000

------------------------------------------------------------
